// Jest Snapshot v1, https://goo.gl/fbAQLP

exports[`SafeScreen component should render correctly snapshot 1`] = `
<RCTSafeAreaView
  style={
    {
      "flexBasis": 0,
      "flexGrow": 1,
      "flexShrink": 1,
    }
  }
/>
`;
