// Jest Snapshot v1, https://goo.gl/fbAQLP

exports[`ErrorView component should render correctly snapshot 1`] = `
<RCTSafeAreaView
  style={
    {
      "flexBasis": 0,
      "flexGrow": 1,
      "flexShrink": 1,
    }
  }
>
  <View
    style={
      {
        "alignItems": "center",
        "height": "100%",
        "justifyContent": "center",
      }
    }
  >
    <Text
      aligin="center"
      color="#5b5858"
      fontSize="18px"
      isBold={true}
      style={
        {
          "color": "#5b5858",
          "fontSize": 18,
          "fontWeight": "bold",
          "textAlign": "center",
        }
      }
    >
      An error occurred. Please try again later.
    </Text>
  </View>
</RCTSafeAreaView>
`;
